08-25 19:14:14 com_github_MitjaNemec_Archive3DModels.action_archive_3d_models 220:Plugin executed on: 'win32'
08-25 19:14:14 com_github_MitjaNemec_Archive3DModels.action_archive_3d_models 221:Plugin executed with python version: '3.9.16 (main, Oct 13 2023, 05:50:11) [MSC v.1936 64 bit (AMD64)]'
08-25 19:14:14 com_github_MitjaNemec_Archive3DModels.action_archive_3d_models 222:KiCad build version: 7.0.9
08-25 19:14:14 com_github_MitjaNemec_Archive3DModels.action_archive_3d_models 223:Plugin version: 1.0.11

08-25 19:14:14 com_github_MitjaNemec_Archive3DModels.action_archive_3d_models 228:Screen sizes: [wx.Size(1920, 1080)]
08-25 19:14:14 com_github_MitjaNemec_Archive3DModels.action_archive_3d_models 235:Dialog size: wx.Size(213, 81)
08-25 19:14:14 com_github_MitjaNemec_Archive3DModels.action_archive_3d_models 237:Char size: 20
08-25 19:14:15 com_github_MitjaNemec_Archive3DModels.archive_3d_models 26:Starting to archive 3D models
08-25 19:14:16 com_github_MitjaNemec_Archive3DModels.archive_3d_models 47:Getting 3D models for footprint of: S1
08-25 19:14:16 com_github_MitjaNemec_Archive3DModels.archive_3d_models 58:Trying to copy: D:\ProgramFiles\KiCad\7.0\Components\SamacSys_Parts.3dshapes\CL-SB-23B-01T.stp
08-25 19:14:16 com_github_MitjaNemec_Archive3DModels.archive_3d_models 138:Remapping: D:\ProgramFiles\KiCad\7.0\Components\SamacSys_Parts.3dshapes\CL-SB-23B-01T.stp
08-25 19:14:16 com_github_MitjaNemec_Archive3DModels.archive_3d_models 47:Getting 3D models for footprint of: R1
08-25 19:14:16 com_github_MitjaNemec_Archive3DModels.archive_3d_models 58:Trying to copy: ${KIPRJMOD}/packages3D/R_0603_1608Metric.wrl
08-25 19:14:16 com_github_MitjaNemec_Archive3DModels.archive_3d_models 138:Remapping: ${KIPRJMOD}/packages3D/R_0603_1608Metric.wrl
08-25 19:14:16 com_github_MitjaNemec_Archive3DModels.archive_3d_models 47:Getting 3D models for footprint of: U9
08-25 19:14:16 com_github_MitjaNemec_Archive3DModels.archive_3d_models 47:Getting 3D models for footprint of: SW1
08-25 19:14:16 com_github_MitjaNemec_Archive3DModels.archive_3d_models 58:Trying to copy: ${KIPRJMOD}/packages3D/3D_PCB1_2025-08-10.step
08-25 19:14:16 com_github_MitjaNemec_Archive3DModels.archive_3d_models 138:Remapping: ${KIPRJMOD}/packages3D/3D_PCB1_2025-08-10.step
08-25 19:14:16 com_github_MitjaNemec_Archive3DModels.archive_3d_models 47:Getting 3D models for footprint of: U5
08-25 19:14:16 com_github_MitjaNemec_Archive3DModels.archive_3d_models 58:Trying to copy: ${KIPRJMOD}/packages3D/SOT-23-5.wrl
08-25 19:14:16 com_github_MitjaNemec_Archive3DModels.archive_3d_models 138:Remapping: ${KIPRJMOD}/packages3D/SOT-23-5.wrl
08-25 19:14:16 com_github_MitjaNemec_Archive3DModels.archive_3d_models 47:Getting 3D models for footprint of: L1
08-25 19:14:16 com_github_MitjaNemec_Archive3DModels.archive_3d_models 58:Trying to copy: ${KIPRJMOD}/packages3D/L_0805_2012Metric.wrl
08-25 19:14:16 com_github_MitjaNemec_Archive3DModels.archive_3d_models 138:Remapping: ${KIPRJMOD}/packages3D/L_0805_2012Metric.wrl
08-25 19:14:16 com_github_MitjaNemec_Archive3DModels.archive_3d_models 47:Getting 3D models for footprint of: J2
08-25 19:14:16 com_github_MitjaNemec_Archive3DModels.archive_3d_models 58:Trying to copy: ${KIPRJMOD}/packages3D/022122021.stp
08-25 19:14:16 com_github_MitjaNemec_Archive3DModels.archive_3d_models 138:Remapping: ${KIPRJMOD}/packages3D/022122021.stp
08-25 19:14:16 com_github_MitjaNemec_Archive3DModels.archive_3d_models 47:Getting 3D models for footprint of: C6
08-25 19:14:16 com_github_MitjaNemec_Archive3DModels.archive_3d_models 58:Trying to copy: ${KIPRJMOD}/packages3D/C_0402_1005Metric.wrl
08-25 19:14:16 com_github_MitjaNemec_Archive3DModels.archive_3d_models 138:Remapping: ${KIPRJMOD}/packages3D/C_0402_1005Metric.wrl
08-25 19:14:16 com_github_MitjaNemec_Archive3DModels.archive_3d_models 47:Getting 3D models for footprint of: R2
08-25 19:14:16 com_github_MitjaNemec_Archive3DModels.archive_3d_models 58:Trying to copy: ${KIPRJMOD}/packages3D/R_0603_1608Metric.wrl
08-25 19:14:16 com_github_MitjaNemec_Archive3DModels.archive_3d_models 138:Remapping: ${KIPRJMOD}/packages3D/R_0603_1608Metric.wrl
08-25 19:14:16 com_github_MitjaNemec_Archive3DModels.archive_3d_models 47:Getting 3D models for footprint of: IC2
08-25 19:14:16 com_github_MitjaNemec_Archive3DModels.archive_3d_models 58:Trying to copy: ${KIPRJMOD}/packages3D/INA180A4IDBVR.stp
08-25 19:14:16 com_github_MitjaNemec_Archive3DModels.archive_3d_models 138:Remapping: ${KIPRJMOD}/packages3D/INA180A4IDBVR.stp
08-25 19:14:16 com_github_MitjaNemec_Archive3DModels.archive_3d_models 47:Getting 3D models for footprint of: U8
08-25 19:14:16 com_github_MitjaNemec_Archive3DModels.archive_3d_models 47:Getting 3D models for footprint of: U6
08-25 19:14:16 com_github_MitjaNemec_Archive3DModels.archive_3d_models 47:Getting 3D models for footprint of: C1
08-25 19:14:16 com_github_MitjaNemec_Archive3DModels.archive_3d_models 58:Trying to copy: ${KIPRJMOD}/packages3D/C_0603_1608Metric.wrl
08-25 19:14:16 com_github_MitjaNemec_Archive3DModels.archive_3d_models 138:Remapping: ${KIPRJMOD}/packages3D/C_0603_1608Metric.wrl
08-25 19:14:16 com_github_MitjaNemec_Archive3DModels.archive_3d_models 47:Getting 3D models for footprint of: D1
08-25 19:14:16 com_github_MitjaNemec_Archive3DModels.archive_3d_models 58:Trying to copy: ${KIPRJMOD}/packages3D/NH-B2020RGBA-HF.stp
08-25 19:14:16 com_github_MitjaNemec_Archive3DModels.archive_3d_models 138:Remapping: ${KIPRJMOD}/packages3D/NH-B2020RGBA-HF.stp
08-25 19:14:16 com_github_MitjaNemec_Archive3DModels.archive_3d_models 47:Getting 3D models for footprint of: C2
08-25 19:14:16 com_github_MitjaNemec_Archive3DModels.archive_3d_models 58:Trying to copy: ${KIPRJMOD}/packages3D/C_0402_1005Metric.wrl
08-25 19:14:16 com_github_MitjaNemec_Archive3DModels.archive_3d_models 138:Remapping: ${KIPRJMOD}/packages3D/C_0402_1005Metric.wrl
08-25 19:14:16 com_github_MitjaNemec_Archive3DModels.archive_3d_models 47:Getting 3D models for footprint of: U7
08-25 19:14:16 com_github_MitjaNemec_Archive3DModels.archive_3d_models 47:Getting 3D models for footprint of: U3
08-25 19:14:16 com_github_MitjaNemec_Archive3DModels.archive_3d_models 58:Trying to copy: ${KIPRJMOD}/packages3D/ST_UFQFPN-20_3x3mm_P0.5mm.wrl
08-25 19:14:16 com_github_MitjaNemec_Archive3DModels.archive_3d_models 138:Remapping: ${KIPRJMOD}/packages3D/ST_UFQFPN-20_3x3mm_P0.5mm.wrl
08-25 19:14:16 com_github_MitjaNemec_Archive3DModels.archive_3d_models 47:Getting 3D models for footprint of: C3
08-25 19:14:16 com_github_MitjaNemec_Archive3DModels.archive_3d_models 58:Trying to copy: ${KIPRJMOD}/packages3D/C_0603_1608Metric.wrl
08-25 19:14:16 com_github_MitjaNemec_Archive3DModels.archive_3d_models 138:Remapping: ${KIPRJMOD}/packages3D/C_0603_1608Metric.wrl
08-25 19:14:16 com_github_MitjaNemec_Archive3DModels.archive_3d_models 47:Getting 3D models for footprint of: C5
08-25 19:14:16 com_github_MitjaNemec_Archive3DModels.archive_3d_models 58:Trying to copy: ${KIPRJMOD}/packages3D/C_0402_1005Metric.wrl
08-25 19:14:16 com_github_MitjaNemec_Archive3DModels.archive_3d_models 138:Remapping: ${KIPRJMOD}/packages3D/C_0402_1005Metric.wrl
08-25 19:14:16 com_github_MitjaNemec_Archive3DModels.archive_3d_models 47:Getting 3D models for footprint of: U2
08-25 19:14:16 com_github_MitjaNemec_Archive3DModels.archive_3d_models 47:Getting 3D models for footprint of: U4
08-25 19:14:16 com_github_MitjaNemec_Archive3DModels.archive_3d_models 47:Getting 3D models for footprint of: U1
08-25 19:14:16 com_github_MitjaNemec_Archive3DModels.archive_3d_models 58:Trying to copy: ${KIPRJMOD}/packages3D/MY-2032-08.STEP
08-25 19:14:16 com_github_MitjaNemec_Archive3DModels.archive_3d_models 138:Remapping: ${KIPRJMOD}/packages3D/MY-2032-08.STEP
